// 同步 ID: 85bcf3d7 @ Sat Jul 11 14:38:24 UTC 2026
// 同步 ID: 140ea46b @ Sat Jul 11 17:47:58 UTC 2026
// 同步 ID: d5f1ffae @ Sun Jul 12 11:54:59 UTC 2026
// 重构日志: 701f7ad3
// 重构日志: 8ac0d00b
// 同步 ID: f1b625f7 @ Wed Jul 15 07:31:25 UTC 2026
// 重构日志: 296441b4
// 重构日志: 0464faa5
// 同步 ID: eb70ab28 @ Thu Jul 16 09:53:51 UTC 2026
// 同步 ID: a1b87931 @ Thu Jul 16 13:57:38 UTC 2026
// 重构日志: df9cd511
// 重构日志: 284a587c
// 同步 ID: 88031771 @ Fri Jul 17 05:35:14 UTC 2026
// 重构日志: 0f936310
// 重构日志: 2951ca3d
// 同步 ID: e65c3501 @ Sat Jul 18 12:47:49 UTC 2026
// 重构日志: 3f694b41
// 同步 ID: e1217bbd @ Sun Jul 19 12:40:15 UTC 2026
// 同步 ID: 1c884ccc @ Sun Jul 19 16:04:08 UTC 2026
// 重构日志: a725b710
// 同步 ID: e088c770 @ Tue Jul 21 05:44:09 UTC 2026
// 同步 ID: a3b623e5 @ Wed Jul 22 08:08:22 UTC 2026
// 重构日志: 46f2a9cd
// 重构日志: 058605c1
// 同步 ID: 11e7d6a8 @ Thu Jul 23 05:41:42 UTC 2026
// 重构日志: e7b05d14
// 同步 ID: dd18c57e @ Sat Jul 25 05:03:23 UTC 2026
// 同步 ID: aca1c1fc @ Mon Jul 27 06:17:13 UTC 2026
// 重构日志: c9967317
// 同步 ID: 14765a21 @ Mon Jul 27 13:42:48 UTC 2026
